warning: unused import: `SequentialWriter`
 --> vendor/tiny_http-0.12.0/src/util/mod.rs:7:28
  |
7 | pub use self::sequential::{SequentialWriter, SequentialWriterBuilder};
  |                            ^^^^^^^^^^^^^^^^
  |
  = note: `#[warn(unused_imports)]` (part of `#[warn(unused)]`) on by default

warning: trait `MustBeShareDummy` is never used
   --> vendor/tiny_http-0.12.0/src/lib.rs:164:7
    |
164 | trait MustBeShareDummy: Sync + Send {}
    |       ^^^^^^^^^^^^^^^^
    |
    = note: `#[warn(dead_code)]` (part of `#[warn(unused)]`) on by default

warning: `tiny_http` (lib) generated 2 warnings (run `cargo fix --lib -p tiny_http` to apply 1 suggestion)
    Finished `test` profile [unoptimized + debuginfo] target(s) in 1.21s
     Running tests/workflow_control_contracts.rs (target/debug/deps/workflow_control_contracts-73623a130e66a84a)

running 1 test
test actual_workspace_reexecution_artifacts_match_shared_schemas ... ok

test result: ok. 1 passed; 0 failed; 0 ignored; 0 measured; 12 filtered out; finished in 0.05s

