node:internal/modules/run_main:107
    triggerUncaughtException(
    ^

AssertionError [ERR_ASSERTION]: [KUJOVM001] [vm] Runtime Error: Failed to evaluate module 'src.core.resource_operation': Failed to evaluate module 'src.core.resource_ledger': Failed to evaluate module 'src.core.resource_facts': Failed to tokenize module 'src.core.runtime_resource_schema': 3:710: Numeric literal overflow: 18446744073709552000
  --> 0:0



4 !== 0

    at command (file:///Users/robertdevore/2026/Kujolang/kujo-repos/dispatch-resource-accounting/tests/node_composition_helpers.mjs:12:149)
    at run (file:///Users/robertdevore/2026/Kujolang/kujo-repos/dispatch-resource-accounting/tests/node_composition_helpers.mjs:14:205)
    at setup (file:///Users/robertdevore/2026/Kujolang/kujo-repos/dispatch-resource-accounting/tests/node_composition_helpers.mjs:16:1287)
    at file:///Users/robertdevore/2026/Kujolang/kujo-repos/dispatch-resource-accounting/tests/resource_integration.mjs:3:9
    at ModuleJob.run (node:internal/modules/esm/module_job:569:25)
    at async node:internal/modules/esm/loader:650:26
    at async asyncRunEntryPointWithESMLoader (node:internal/modules/run_main:101:5) {
  generatedMessage: false,
  code: 'ERR_ASSERTION',
  actual: 4,
  expected: 0,
  operator: 'strictEqual',
  diff: 'simple'
}

Node.js v26.7.0
