PASS Eval output and reservation do not authorize terminal completion or execution
PASS terminated evaluator infrastructure failure retries exact result with a new Eval identity without rerunning program
PASS Eval exhaustion denies new work but permits consumed Eval finalization; required remainder stays blocked
node:internal/modules/run_main:107
    triggerUncaughtException(
    ^

AssertionError [ERR_ASSERTION]: {"authority":"informational","ok":false,"reason":"Error { line: 0, message: resource_subject_not_consumed, stack: [<function with 4 params>, inspect_action, need] }"}

false !== true

    at rapply (file:///Users/robertdevore/2026/Kujolang/kujo-repos/dispatch-resource-accounting/tests/resource_helpers.mjs:5:90)
    at file:///Users/robertdevore/2026/Kujolang/kujo-repos/dispatch-resource-accounting/tests/resource_integration.mjs:11:24
    at ModuleJob.run (node:internal/modules/esm/module_job:569:25)
    at async node:internal/modules/esm/loader:650:26
    at async asyncRunEntryPointWithESMLoader (node:internal/modules/run_main:101:5) {
  generatedMessage: false,
  code: 'ERR_ASSERTION',
  actual: false,
  expected: true,
  operator: 'strictEqual',
  diff: 'simple'
}

Node.js v26.7.0
