   Compiling proc-macro2 v1.0.107
   Compiling unicode-ident v1.0.24
   Compiling quote v1.0.47
   Compiling libc v0.2.189
   Compiling cfg-if v1.0.4
   Compiling serde v1.0.229
   Compiling serde_core v1.0.229
   Compiling version_check v0.9.5
   Compiling find-msvc-tools v0.1.11
   Compiling shlex v2.0.1
   Compiling bitflags v2.13.1
   Compiling typenum v1.20.1
   Compiling pkg-config v0.3.34
   Compiling memchr v2.8.3
   Compiling autocfg v1.5.1
   Compiling vcpkg v0.2.15
   Compiling portable-atomic v1.15.0
   Compiling log v0.4.34
   Compiling equivalent v1.0.2
   Compiling generic-array v0.14.7
   Compiling critical-section v1.2.0
   Compiling num-traits v0.2.19
   Compiling bytes v1.12.1
   Compiling foldhash v0.2.0
   Compiling allocator-api2 v0.2.21
   Compiling pin-project-lite v0.2.17
   Compiling rand_core v0.10.1
   Compiling getrandom v0.4.3
   Compiling core-foundation-sys v0.8.7
   Compiling zerocopy v0.8.56
   Compiling syn v3.0.4
   Compiling syn v2.0.119
   Compiling jobserver v0.1.35
   Compiling hashbrown v0.17.1
   Compiling futures-core v0.3.34
   Compiling once_cell v1.21.4
   Compiling stable_deref_trait v1.2.1
   Compiling simd-adler32 v0.3.10
   Compiling cc v1.4.4
   Compiling hybrid-array v0.4.14
   Compiling itoa v1.0.18
   Compiling futures-sink v0.3.34
   Compiling tinyvec_macros v0.1.1
   Compiling tinyvec v1.12.0
   Compiling adler2 v2.0.1
   Compiling getrandom v0.2.17
   Compiling socket2 v0.6.5
   Compiling rand_core v0.6.4
   Compiling mio v1.2.2
   Compiling getrandom v0.3.4
   Compiling slab v0.4.12
   Compiling crc32fast v1.5.1
   Compiling indexmap v2.14.1
   Compiling crypto-common v0.2.2
   Compiling futures-channel v0.3.34
   Compiling crypto-common v0.1.7
   Compiling cpufeatures v0.3.1
   Compiling subtle v2.6.1
   Compiling crossbeam-utils v0.8.22
   Compiling futures-io v0.3.34
   Compiling percent-encoding v2.3.2
   Compiling futures-task v0.3.34
   Compiling base64 v0.22.1
   Compiling miniz_oxide v0.9.1
   Compiling writeable v0.6.4
   Compiling litemap v0.8.3
   Compiling thiserror v2.0.20
   Compiling rustix v1.1.4
   Compiling parking_lot_core v0.9.12
   Compiling zlib-rs v0.6.7
   Compiling chacha20 v0.10.2
   Compiling errno v0.3.14
   Compiling libz-sys v1.1.29
   Compiling ahash v0.8.12
   Compiling icu_properties_data v2.3.0
   Compiling rustc-hash v2.1.3
   Compiling cmov v0.5.4
   Compiling scopeguard v1.2.0
   Compiling icu_normalizer_data v2.3.0
   Compiling utf8_iter v1.0.4
   Compiling siphasher v1.0.3
   Compiling lock_api v0.4.14
   Compiling rand v0.10.2
   Compiling ctutils v0.4.2
   Compiling block-buffer v0.12.1
   Compiling crossbeam-epoch v0.9.20
   Compiling byteorder v1.5.0
   Compiling fst v0.4.7
   Compiling const-oid v0.10.2
   Compiling block-buffer v0.10.4
   Compiling digest v0.11.3
   Compiling cranelift-isle v0.113.1
   Compiling cpufeatures v0.2.17
   Compiling semver v1.0.28
   Compiling digest v0.10.7
   Compiling openssl-src v300.6.1+3.6.3
   Compiling unicode-normalization v0.1.25
   Compiling tracing-core v0.1.36
   Compiling rustc_version v0.4.1
   Compiling proc-macro2-diagnostics v0.10.1
   Compiling unicode-bidi v0.3.18
   Compiling libm v0.2.16
   Compiling cranelift-codegen-shared v0.113.1
   Compiling pathfinder_simd v0.5.6
   Compiling openssl-sys v0.9.117
   Compiling cranelift-codegen-meta v0.113.1
   Compiling phf_shared v0.13.1
   Compiling tracing v0.1.44
   Compiling form_urlencoded v1.2.2
   Compiling http v1.5.0
   Compiling iana-time-zone v0.1.65
   Compiling target-lexicon v0.12.16
   Compiling unicode-properties v0.1.4
   Compiling bumpalo v3.20.3
   Compiling either v1.18.0
   Compiling crossbeam-deque v0.8.7
   Compiling zmij v1.0.23
   Compiling cranelift-bitset v0.113.1
   Compiling fastrand v2.5.0
   Compiling yansi v1.0.1
   Compiling cranelift-entity v0.113.1
   Compiling flate2 v1.1.10
   Compiling synstructure v0.13.2
   Compiling phf_generator v0.13.1
   Compiling stringprep v0.1.5
   Compiling chrono v0.4.45
   Compiling sha2 v0.11.0
   Compiling md-5 v0.11.0
   Compiling inout v0.1.4
   Compiling serde_derive v1.0.229
   Compiling tokio-macros v2.7.2
   Compiling zerovec-derive v0.11.6
   Compiling displaydoc v0.2.7
   Compiling zerocopy-derive v0.8.56
   Compiling zerofrom-derive v0.1.7
   Compiling yoke-derive v0.8.2
   Compiling tokio v1.53.1
   Compiling futures-macro v0.3.34
   Compiling zeroize_derive v1.5.0
   Compiling thiserror-impl v2.0.20
   Compiling zerofrom v0.1.8
   Compiling yoke v0.8.3
   Compiling zeroize v1.9.0
   Compiling cranelift-codegen v0.113.1
   Compiling block-padding v0.4.2
   Compiling futures-util v0.3.34
   Compiling zerovec v0.11.8
   Compiling zerotrie v0.2.5
   Compiling core-foundation v0.10.1
   Compiling security-framework-sys v2.17.0
   Compiling encoding_rs v0.8.35
   Compiling arbitrary v1.4.2
   Compiling num-conv v0.2.2
   Compiling unicode-joining-type v1.0.0
   Compiling powerfmt v0.2.0
   Compiling tinystr v0.8.4
   Compiling potential_utf v0.1.6
   Compiling icu_collections v2.3.0
   Compiling slice-group-by v0.3.1
   Compiling icu_locale_core v2.3.0
   Compiling rayon-core v1.13.0
   Compiling system-configuration-sys v0.6.0
   Compiling unicode-canonical-combining-class v1.0.0
   Compiling unicode-general-category v1.1.0
   Compiling alloc-no-stdlib v2.0.4
   Compiling serde_json v1.0.151
   Compiling heck v0.4.1
   Compiling time-core v0.1.9
   Compiling fnv v1.0.7
   Compiling deranged v0.5.8
   Compiling cranelift-control v0.113.1
   Compiling ouroboros_macro v0.18.5
   Compiling alloc-stdlib v0.2.4
   Compiling icu_provider v2.3.1
   Compiling smallvec v1.15.2
   Compiling ipnet v2.12.1
   Compiling icu_normalizer v2.3.0
   Compiling icu_properties v2.3.0
   Compiling parking_lot v0.12.5
   Compiling time v0.3.55
   Compiling security-framework v3.7.0
   Compiling inout v0.2.2
   Compiling enumflags2_derive v0.7.12
   Compiling cipher v0.4.4
   Compiling http-body v1.1.0
   Compiling idna_adapter v1.2.2
   Compiling idna v1.1.0
   Compiling cranelift-bforest v0.113.1
   Compiling phf v0.13.1
   Compiling gimli v0.31.1
   Compiling zstd-sys v2.0.16+zstd.1.5.7
   Compiling cmake v0.1.58
   Compiling url v2.5.8
   Compiling uuid v1.26.0
   Compiling tokio-util v0.7.19
   Compiling strsim v0.11.1
   Compiling io-lifetimes v3.0.1
   Compiling hashbrown v0.14.5
   Compiling aliasable v0.1.3
   Compiling io-lifetimes v2.0.4
   Compiling bytemuck v1.25.2
   Compiling httparse v1.10.1
   Compiling ident_case v1.0.1
   Compiling fs_extra v1.3.0
   Compiling dunce v1.0.5
   Compiling static_assertions v1.1.0
   Compiling winnow v1.0.4
   Compiling ouroboros v0.18.5
   Compiling regalloc2 v0.10.2
   Compiling aws-lc-sys v0.44.0
   Compiling proc-macro-utils v0.10.0
   Compiling darling_core v0.23.0
   Compiling pathfinder_geometry v0.5.1
   Compiling hyphenation_commons v0.8.4
   Compiling enumflags2 v0.7.12
   Compiling toml_parser v1.1.3+spec-1.1.0
   Compiling cipher v0.5.2
   Compiling brotli-decompressor v5.0.3
   Compiling bincode v1.3.3
   Compiling async-trait v0.1.92
   Compiling phf_codegen v0.13.1
   Compiling string_cache_codegen v0.6.1
   Compiling hmac v0.13.0
   Compiling ring v0.17.14
   Compiling core-foundation v0.9.4
   Compiling pulp v0.22.3 (/Users/robertdevore/2026/Kujolang/kujo-repos/kujo-resource-accounting/vendor/pulp-0.22.3)
   Compiling slotmap v1.1.1
   Compiling objc2-core-foundation v0.3.2
   Compiling utf8parse v0.2.2
   Compiling heck v0.5.0
   Compiling try-lock v0.2.5
   Compiling openssl v0.10.81
   Compiling foreign-types-shared v0.1.1
   Compiling pocket-resources v0.3.2
   Compiling tower-service v0.3.3
   Compiling atomic-waker v1.1.2
   Compiling anyhow v1.0.104
   Compiling glyph-names v0.2.0
   Compiling ucd-trie v0.1.7
   Compiling native-tls v0.2.18
   Compiling fallible-iterator v0.2.0
   Compiling toml_datetime v1.1.1+spec-1.1.0
   Compiling io-extras v0.19.0
   Compiling new_debug_unreachable v1.0.6
   Compiling toml_edit v0.25.13+spec-1.1.0
   Compiling tempfile v3.27.0
   Compiling allsorts-azul v0.17.2
   Compiling objc2-system-configuration v0.3.2
   Compiling postgres-protocol v0.6.12
   Compiling hyphenation v0.8.4
   Compiling h2 v0.4.19
   Compiling foreign-types v0.3.2
   Compiling darling_macro v0.23.0
   Compiling system-configuration v0.7.0
   Compiling want v0.3.1
   Compiling web_atoms v0.2.6
   Compiling num-integer v0.1.47
   Compiling manyhow-macros v0.11.4
   Compiling num-complex v0.4.6
   Compiling half v2.7.1
   Compiling rustls-pki-types v1.15.1
   Compiling openssl-macros v0.1.1
   Compiling sha2 v0.10.9
   Compiling miniz_oxide v0.8.9
   Compiling mmapio v0.9.1
   Compiling aho-corasick v1.1.5
   Compiling raw-cpuid v11.6.0
   Compiling untrusted v0.9.0
   Compiling cap-primitives v4.0.2
   Compiling regex-syntax v0.8.11
   Compiling xmlparser v0.13.6
   Compiling azul-simplecss v0.2.1
   Compiling pastey v0.2.3
   Compiling cfg_aliases v0.1.1
   Compiling zstd-safe v7.2.4
   Compiling ryu v1.0.23
   Compiling reborrow v0.5.5
   Compiling pulp-wasm-simd-flag v0.1.1
   Compiling quick-error v2.0.1
   Compiling weezl v0.1.12
   Compiling zune-core v0.5.3
   Compiling precomputed-hash v0.1.1
   Compiling rustversion v1.0.23
   Compiling string_cache v0.9.0
   Compiling zune-jpeg v0.5.15
   Compiling nix v0.28.0
   Compiling regex-automata v0.4.18
   Compiling azul-css v0.0.16
   Compiling hyper v1.11.1
   Compiling manyhow v0.11.4
   Compiling fs-set-times v0.20.3
   Compiling num-bigint v0.4.8
   Compiling proc-macro-crate v3.5.0
   Compiling postgres-types v0.2.14
   Compiling darling v0.23.0
   Compiling whoami v2.1.3
   Compiling anstyle-parse v1.0.0
   Compiling rayon v1.12.0
   Compiling prefix-trie v0.8.4
   Compiling sha1 v0.10.7
   Compiling libsqlite3-sys v0.28.0
   Compiling universal-hash v0.5.1
   Compiling lru v0.18.3
   Compiling fdeflate v0.3.7
   Compiling zune-inflate v0.2.54
   Compiling sync_wrapper v1.0.2
   Compiling opaque-debug v0.3.1
   Compiling linked-hash-map v0.5.6
   Compiling jiff-core v0.1.1
   Compiling unicase v2.9.0
   Compiling fax v0.2.7
   Compiling bit_field v0.10.3
   Compiling tower-layer v0.3.3
   Compiling lebe v0.5.3
   Compiling data-encoding v2.11.1
   Compiling byteorder-lite v0.1.0
   Compiling grid v1.0.1
   Compiling cap-std v4.0.2
   Compiling gl-context-loader v0.1.10
   Compiling color_quant v1.1.0
   Compiling anstyle v1.0.14
   Compiling arrayvec v0.7.8
   Compiling pxfm v0.1.30
   Compiling colorchoice v1.0.5
   Compiling mysql_common v0.37.3
   Compiling termcolor v1.4.1
   Compiling anstyle-query v1.1.5
   Compiling cpubits v0.1.1
   Compiling is_terminal_polyfill v1.70.2
   Compiling aws-lc-rs v1.18.0
   Compiling ambient-authority v0.0.2
   Compiling tokio-openssl v0.6.5
   Compiling maybe-owned v0.3.4
   Compiling unicode-segmentation v1.13.3
   Compiling mysql-common-derive v0.32.2
   Compiling anstream v1.0.0
   Compiling aes v0.9.3
   Compiling taffy v0.10.1
   Compiling jiff v0.2.37
   Compiling gif v0.14.2
   Compiling image-webp v0.2.4
   Compiling hickory-proto v0.26.1
   Compiling exr v1.74.2
   Compiling moxcms v0.8.1
   Compiling tower v0.5.3
   Compiling tiff v0.11.3
   Compiling mime_guess v2.0.5
   Compiling png v0.18.1
   Compiling lru-cache v0.1.2
   Compiling polyval v0.6.2
   Compiling tokio-postgres v0.7.18
   Compiling tokio-native-tls v0.3.1
   Compiling regex v1.13.1
   Compiling hyper-util v0.1.20
   Compiling tendril v0.5.1
   Compiling cbc v0.2.1
   Compiling ecb v0.2.1
   Compiling qoi v0.4.1
   Compiling ppv-lite86 v0.2.21
   Compiling http-body-util v0.1.5
   Compiling aes v0.8.4
   Compiling nibble_vec v0.1.0
   Compiling toml_datetime v0.6.11
   Compiling serde_spanned v0.6.9
   Compiling hmac v0.12.1
   Compiling phf_shared v0.12.1
   Compiling crossbeam-channel v0.5.16
   Compiling btoi v0.5.0
   Compiling mach2 v0.4.3
   Compiling roxmltree v0.21.1
   Compiling nom v8.0.0
   Compiling keyring-core v1.0.0
   Compiling saturating v0.1.0
   Compiling bitflags v1.3.2
   Compiling toml_write v0.1.2
   Compiling chrono-tz v0.10.4
   Compiling libbz2-rs-sys v0.2.5
   Compiling untrusted v0.7.1
   Compiling winnow v0.7.15
   Compiling endian-type v0.1.2
   Compiling cap-fs-ext v4.0.2
   Compiling xmlwriter v0.1.0
   Compiling weezl v0.2.1
   Compiling rangemap v1.8.0
   Compiling clap_lex v1.1.0
   Compiling mime v0.3.17
   Compiling tagptr v0.2.0
   Compiling regex-lite v0.1.9
   Compiling moka v0.12.16
   Compiling toml_edit v0.22.27
   Compiling clap_builder v4.6.6
   Compiling lopdf v0.44.0
   Compiling radix_trie v0.2.1
   Compiling bzip2 v0.6.1
   Compiling region v3.0.2
   Compiling apple-native-keyring-store v1.0.2
   Compiling hyper-tls v0.6.0
   Compiling phf v0.12.1
   Compiling pbkdf2 v0.12.2
   Compiling rand_chacha v0.3.1
   Compiling image v0.25.10
   Compiling rust-fontconfig v5.0.0
   Compiling markup5ever v0.39.0
   Compiling arc-swap v1.9.2
   Compiling ghash v0.5.1
   Compiling hickory-net v0.26.1
   Compiling tower-http v0.6.11
   Compiling zstd v0.13.3
   Compiling cranelift-module v0.113.1
   Compiling cranelift-native v0.113.1
   Compiling cranelift-frontend v0.113.1
   Compiling wasmtime-jit-icache-coherence v26.0.1
   Compiling serde_urlencoded v0.7.1
   Compiling lzma-rust2 v0.15.8
   Compiling clap_derive v4.6.4
   Compiling hashlink v0.9.1
   Compiling cfb v0.7.3
   Compiling ctr v0.9.2
   Compiling blowfish v0.9.1
   Compiling futures-executor v0.3.34
   Compiling fd-lock v4.0.4
   Compiling zopfli v0.8.3
   Compiling keyed_priority_queue v0.4.2
   Compiling crossbeam-queue v0.3.13
   Compiling aead v0.5.2
   Compiling rtoolbox v0.0.6
   Compiling filetime v0.2.29
   Compiling csv-core v0.1.13
   Compiling unsafe-libyaml v0.2.11
   Compiling fallible-streaming-iterator v0.1.9
   Compiling constant_time_eq v0.3.1
   Compiling signature v2.2.0
   Compiling lazy_static v1.5.0
   Compiling deflate64 v0.1.12
   Compiling chunked_transfer v1.5.0
   Compiling typed-path v0.12.3
   Compiling unicode-width v0.1.14
   Compiling httpdate v1.0.3
   Compiling resolv-conf v0.7.6
   Compiling fallible-iterator v0.3.0
   Compiling twox-hash v2.1.4
   Compiling home v0.5.12
   Compiling ascii v1.1.0
   Compiling ppmd-rust v1.4.0
   Compiling rustyline v14.0.0
   Compiling mysql_async v0.37.1
   Compiling hickory-resolver v0.26.1
   Compiling serde_yaml v0.9.34+deprecated
   Compiling zip v7.2.0
   Compiling colored v2.2.0
   Compiling csv v1.4.0
   Compiling tar v0.4.46
   Compiling rpassword v7.5.4
   Compiling aes-gcm v0.10.3
   Compiling futures v0.3.34
   Compiling bcrypt v0.15.1
   Compiling clap v4.6.6
   Compiling infer v0.16.0
   Compiling reqwest v0.12.28
   Compiling cranelift v0.113.1
   Compiling cranelift-jit v0.113.1
   Compiling html5ever v0.39.0
   Compiling rand v0.8.8
   Compiling toml v0.8.23
   Compiling keyring v4.1.6
   Compiling postgres v0.19.14
   Compiling azul-core v0.0.16
   Compiling tokio-stream v0.1.19
   Compiling md-5 v0.10.6
   Compiling fs2 v0.4.3
   Compiling quick-xml v0.42.0
   Compiling urlencoding v2.1.3
   Compiling base64 v0.21.7
   Compiling same-file v1.0.6
   Compiling nohash-hasher v0.2.0
   Compiling rusqlite v0.31.0
   Compiling jsonwebtoken v10.4.0
   Compiling azul-layout v0.0.16
   Compiling tiny_http v0.12.0 (/Users/robertdevore/2026/Kujolang/kujo-repos/kujo-resource-accounting/vendor/tiny_http-0.12.0)
warning: unused import: `SequentialWriter`
 --> vendor/tiny_http-0.12.0/src/util/mod.rs:7:28
  |
7 | pub use self::sequential::{SequentialWriter, SequentialWriterBuilder};
  |                            ^^^^^^^^^^^^^^^^
  |
  = note: `#[warn(unused_imports)]` (part of `#[warn(unused)]`) on by default

   Compiling postgres-openssl v0.5.3
warning: trait `MustBeShareDummy` is never used
   --> vendor/tiny_http-0.12.0/src/lib.rs:164:7
    |
164 | trait MustBeShareDummy: Sync + Send {}
    |       ^^^^^^^^^^^^^^^^
    |
    = note: `#[warn(dead_code)]` (part of `#[warn(unused)]`) on by default

warning: `tiny_http` (lib) generated 2 warnings (run `cargo fix --lib -p tiny_http` to apply 1 suggestion)
   Compiling printpdf v0.12.8
   Compiling kujolang v1.7.0 (/Users/robertdevore/2026/Kujolang/kujo-repos/kujo-resource-accounting)
    Finished `release` profile [optimized] target(s) in 49m 22s
