 Downloading crates ...
  Downloaded adler2 v2.0.1
  Downloaded aead v0.5.2
  Downloaded block-padding v0.4.2
  Downloaded arg_enum_proc_macro v0.3.4
  Downloaded ambient-authority v0.0.2
  Downloaded aligned-vec v0.6.4
  Downloaded aligned v0.4.3
  Downloaded alloc-stdlib v0.2.4
  Downloaded alloc-no-stdlib v2.0.4
  Downloaded as-slice v0.2.1
  Downloaded cranelift v0.113.1
  Downloaded anstyle-query v1.1.5
  Downloaded block-padding v0.3.3
  Downloaded byteorder-lite v0.1.0
  Downloaded bit_field v0.10.3
  Downloaded aliasable v0.1.3
  Downloaded cast v0.3.0
  Downloaded inout v0.2.2
  Downloaded inout v0.1.4
  Downloaded hyphenation_commons v0.8.4
  Downloaded atomic-waker v1.1.2
  Downloaded anstyle v1.0.14
  Downloaded anstream v1.0.0
  Downloaded anes v0.1.6
  Downloaded itoa v1.0.18
  Downloaded cpufeatures v0.3.1
  Downloaded http-body v1.1.0
  Downloaded subtle v2.6.1
  Downloaded azul-simplecss v0.2.1
  Downloaded bytecount v0.6.9
  Downloaded avif-serialize v0.8.9
  Downloaded autocfg v1.5.1
  Downloaded async-trait v0.1.92
  Downloaded lebe v0.5.3
  Downloaded hyper-tls v0.6.0
  Downloaded cpufeatures v0.2.17
  Downloaded cpubits v0.1.1
  Downloaded constant_time_eq v0.3.1
  Downloaded colorchoice v1.0.5
  Downloaded color_quant v1.1.0
  Downloaded clap_lex v1.1.0
  Downloaded ciborium-ll v0.2.2
  Downloaded ciborium-io v0.2.2
  Downloaded chunked_transfer v1.5.0
  Downloaded cfg_aliases v0.1.1
  Downloaded cfg-if v1.0.4
  Downloaded maybe-rayon v0.1.1
  Downloaded maybe-owned v0.3.4
  Downloaded block-buffer v0.12.1
  Downloaded block-buffer v0.10.4
  Downloaded bit-set v0.5.3
  Downloaded bcrypt v0.15.1
  Downloaded idna_adapter v1.2.2
  Downloaded core-foundation v0.10.1
  Downloaded tower-service v0.3.3
  Downloaded bitflags v1.3.2
  Downloaded built v0.8.1
  Downloaded bincode v1.3.3
  Downloaded av1-grain v0.2.5
  Downloaded jiff-static v0.2.37
  Downloaded thiserror-impl v2.0.20
  Downloaded thiserror v2.0.20
  Downloaded target-lexicon v0.12.16
  Downloaded core-foundation v0.9.4
  Downloaded bytemuck v1.25.2
  Downloaded const-oid v0.10.2
  Downloaded clap v4.6.6
  Downloaded bitstream-io v4.10.0
  Downloaded hmac v0.13.0
  Downloaded md-5 v0.10.6
  Downloaded bitflags v2.13.1
  Downloaded num v0.4.3
  Downloaded keyed_priority_queue v0.4.2
  Downloaded allocator-api2 v0.2.21
  Downloaded ascii v1.1.0
  Downloaded wasmtime-jit-icache-coherence v26.0.1
  Downloaded want v0.3.1
  Downloaded wasm-bindgen-shared v0.2.127
  Downloaded utf8parse v0.2.2
  Downloaded version_check v0.9.5
  Downloaded arbitrary v1.4.2
  Downloaded wasm-bindgen-macro v0.2.127
  Downloaded toml v0.8.23
  Downloaded manyhow-macros v0.11.4
  Downloaded num-derive v0.4.2
  Downloaded anyhow v1.0.104
  Downloaded fd-lock v4.0.4
  Downloaded fs2 v0.4.3
  Downloaded mime v0.3.17
  Downloaded cfb v0.7.3
  Downloaded noop_proc_macro v0.3.0
  Downloaded base64 v0.22.1
  Downloaded opaque-debug v0.3.1
  Downloaded anstyle-parse v1.0.0
  Downloaded ahash v0.8.12
  Downloaded nohash-hasher v0.2.0
  Downloaded synstructure v0.13.2
  Downloaded nibble_vec v0.1.0
  Downloaded plotters-backend v0.3.7
  Downloaded phf_codegen v0.13.1
  Downloaded walkdir v2.5.0
  Downloaded web_atoms v0.2.6
  Downloaded openssl-macros v0.1.1
  Downloaded num-conv v0.2.2
  Downloaded v_frame v0.3.9
  Downloaded loop9 v0.1.5
  Downloaded hyper-rustls v0.27.9
  Downloaded fax v0.2.7
  Downloaded plotters-svg v0.3.7
  Downloaded lazy_static v1.5.0
  Downloaded phf_generator v0.13.1
  Downloaded phf_shared v0.12.1
  Downloaded lru-cache v0.1.2
  Downloaded fs_extra v1.3.0
  Downloaded is-terminal v0.4.17
  Downloaded fallible-iterator v0.2.0
  Downloaded mysql-common-derive v0.32.2
  Downloaded phf_shared v0.13.1
  Downloaded ctr v0.9.2
  Downloaded num-cmp v0.1.0
  Downloaded core-foundation-sys v0.8.7
  Downloaded tokio-stream v0.1.19
  Downloaded linked-hash-map v0.5.6
  Downloaded bytes v1.12.1
  Downloaded colored v2.2.0
  Downloaded ucd-trie v0.1.7
  Downloaded reborrow v0.5.5
  Downloaded rand_chacha v0.3.1
  Downloaded tinyvec_macros v0.1.1
  Downloaded universal-hash v0.5.1
  Downloaded new_debug_unreachable v1.0.6
  Downloaded ident_case v1.0.1
  Downloaded sync_wrapper v1.0.2
  Downloaded strsim v0.11.1
  Downloaded string_cache_codegen v0.6.1
  Downloaded darling v0.23.0
  Downloaded cranelift-module v0.113.1
  Downloaded pkg-config v0.3.34
  Downloaded phf v0.13.1
  Downloaded ctutils v0.4.2
  Downloaded toml_write v0.1.2
  Downloaded try-lock v0.2.5
  Downloaded fs-set-times v0.20.3
  Downloaded pin-project-lite v0.2.17
  Downloaded aes v0.8.4
  Downloaded whoami v2.1.3
  Downloaded weezl v0.1.12
  Downloaded zerofrom-derive v0.1.7
  Downloaded ipnet v2.12.1
  Downloaded arc-swap v1.9.2
  Downloaded gif v0.14.2
  Downloaded errno v0.3.14
  Downloaded io-lifetimes v2.0.4
  Downloaded aes v0.9.3
  Downloaded iso8601 v0.6.6
  Downloaded infer v0.16.0
  Downloaded rand_core v0.10.1
  Downloaded system-configuration v0.7.0
  Downloaded stringprep v0.1.5
  Downloaded heck v0.5.0
  Downloaded form_urlencoded v1.2.2
  Downloaded uuid v1.26.0
  Downloaded string_cache v0.9.0
  Downloaded md-5 v0.11.0
  Downloaded zeroize v1.9.0
  Downloaded native-tls v0.2.18
  Downloaded markup5ever v0.39.0
  Downloaded rand_core v0.6.4
  Downloaded zune-core v0.5.3
  Downloaded mime_guess v2.0.5
  Downloaded mmapio v0.9.1
  Downloaded digest v0.10.7
  Downloaded digest v0.11.3
  Downloaded proc-macro-crate v3.5.0
  Downloaded filetime v0.2.29
  Downloaded deranged v0.5.8
  Downloaded ravif v0.13.0
  Downloaded mach2 v0.4.3
  Downloaded num-complex v0.4.6
  Downloaded cranelift-jit v0.113.1
  Downloaded oorandom v11.1.5
  Downloaded is_terminal_polyfill v1.70.2
  Downloaded imgref v1.12.3
  Downloaded cc v1.4.4
  Downloaded zerofrom v0.1.8
  Downloaded io-lifetimes v3.0.1
  Downloaded num-iter v0.1.46
  Downloaded cap-primitives v4.0.2
  Downloaded signature v2.2.0
  Downloaded num-integer v0.1.47
  Downloaded bumpalo v3.20.3
  Downloaded base64 v0.21.7
  Downloaded darling_core v0.23.0
  Downloaded zune-inflate v0.2.54
  Downloaded wasm-bindgen v0.2.127
  Downloaded utf8_iter v1.0.4
  Downloaded unicode-properties v0.1.4
  Downloaded futures v0.3.34
  Downloaded potential_utf v0.1.6
  Downloaded iana-time-zone v0.1.65
  Downloaded pocket-resources v0.3.2
  Downloaded httpdate v1.0.3
  Downloaded enumflags2_derive v0.7.12
  Downloaded stable_deref_trait v1.2.1
  Downloaded dunce v1.0.5
  Downloaded clap_derive v4.6.4
  Downloaded cipher v0.5.2
  Downloaded ciborium v0.2.2
  Downloaded chacha20 v0.10.2
  Downloaded cap-std v4.0.2
  Downloaded bzip2 v0.6.1
  Downloaded futures-macro v0.3.34
  Downloaded futures-io v0.3.34
  Downloaded tokio-openssl v0.6.5
  Downloaded quote v1.0.47
  Downloaded proc-macro-utils v0.10.0
  Downloaded aes-gcm v0.10.3
  Downloaded rangemap v1.8.0
  Downloaded fdeflate v0.3.7
  Downloaded arrayvec v0.7.8
  Downloaded apple-native-keyring-store v1.0.2
  Downloaded cmov v0.5.4
  Downloaded cmake v0.1.58
  Downloaded cipher v0.4.4
  Downloaded cbc v0.2.1
  Downloaded region v3.0.2
  Downloaded cap-fs-ext v4.0.2
  Downloaded byteorder v1.5.0
  Downloaded crossbeam-queue v0.3.13
  Downloaded btoi v0.5.0
  Downloaded simd-adler32 v0.3.10
  Downloaded security-framework-sys v2.17.0
  Downloaded futures-sink v0.3.34
  Downloaded blowfish v0.9.1
  Downloaded bit-vec v0.6.3
  Downloaded darling_macro v0.23.0
  Downloaded weezl v0.2.1
  Downloaded heck v0.4.1
  Downloaded proc-macro2-diagnostics v0.10.1
  Downloaded tinytemplate v1.2.1
  Downloaded sha1 v0.10.7
  Downloaded parking_lot v0.12.5
  Downloaded cranelift-codegen-shared v0.113.1
  Downloaded generic-array v0.14.7
  Downloaded profiling v1.0.18
  Downloaded cranelift-entity v0.113.1
  Downloaded unicode-canonical-combining-class v1.0.0
  Downloaded defmt-parser v1.0.0
  Downloaded yoke-derive v0.8.2
  Downloaded fallible-streaming-iterator v0.1.9
  Downloaded cranelift-bitset v0.113.1
  Downloaded io-extras v0.19.0
  Downloaded lock_api v0.4.14
  Downloaded half v2.7.1
  Downloaded semver v1.0.28
  Downloaded find-msvc-tools v0.1.11
  Downloaded litemap v0.8.3
  Downloaded polyval v0.6.2
  Downloaded hashlink v0.9.1
  Downloaded lru v0.18.3
  Downloaded jobserver v0.1.35
  Downloaded hyper-util v0.1.20
  Downloaded keyring v4.1.6
  Downloaded manyhow v0.11.4
  Downloaded ppv-lite86 v0.2.21
  Downloaded ouroboros v0.18.5
  Downloaded num-rational v0.4.2
  Downloaded unsafe-libyaml v0.2.11
  Downloaded objc2-system-configuration v0.3.2
  Downloaded resolv-conf v0.7.6
  Downloaded no_std_io2 v0.9.4
  Downloaded once_cell v1.21.4
  Downloaded rgb v0.8.53
  Downloaded keyring-core v1.0.0
  Downloaded cranelift-bforest v0.113.1
  Downloaded untrusted v0.9.0
  Downloaded time-core v0.1.9
  Downloaded rtoolbox v0.0.6
  Downloaded rpassword v7.5.4
  Downloaded rayon-core v1.13.0
  Downloaded zeroize_derive v1.5.0
  Downloaded wasm-bindgen-macro-support v0.2.127
  Downloaded home v0.5.12
  Downloaded equator-macro v0.4.2
  Downloaded tokio-util v0.7.19
  Downloaded ouroboros_macro v0.18.5
  Downloaded grid v1.0.1
  Downloaded fnv v1.0.7
  Downloaded crossbeam-utils v0.8.22
  Downloaded twox-hash v2.1.4
  Downloaded zmij v1.0.23
  Downloaded writeable v0.6.4
  Downloaded ecb v0.2.1
  Downloaded clap_builder v4.6.6
  Downloaded system-configuration-sys v0.6.0
  Downloaded static_assertions v1.1.0
  Downloaded siphasher v1.0.3
  Downloaded yoke v0.8.3
  Downloaded displaydoc v0.2.7
  Downloaded smallvec v1.15.2
  Downloaded cranelift-native v0.113.1
  Downloaded cranelift-frontend v0.113.1
  Downloaded futures-core v0.3.34
  Downloaded same-file v1.0.6
  Downloaded simd_helpers v0.1.0
  Downloaded roxmltree v0.21.1
  Downloaded tokio-macros v2.7.2
  Downloaded precomputed-hash v0.1.1
  Downloaded pbkdf2 v0.12.2
  Downloaded futures-channel v0.3.34
  Downloaded tar v0.4.46
  Downloaded toml_edit v0.25.13+spec-1.1.0
  Downloaded postgres-types v0.2.14
  Downloaded quick-error v2.0.1
  Downloaded toml_edit v0.22.27
  Downloaded libbz2-rs-sys v0.2.5
  Downloaded icu_provider v2.3.1
  Downloaded aho-corasick v1.1.5
  Downloaded cranelift-control v0.113.1
  Downloaded regex-lite v0.1.9
  Downloaded pastey v0.1.1
  Downloaded untrusted v0.7.1
  Downloaded termcolor v1.4.1
  Downloaded log v0.4.34
  Downloaded num-traits v0.2.19
  Downloaded serde_yaml v0.9.34+deprecated
  Downloaded toml_datetime v1.1.1+spec-1.1.0
  Downloaded parking_lot_core v0.9.12
  Downloaded y4m v0.8.0
  Downloaded rustc_version v0.4.1
  Downloaded powerfmt v0.2.0
  Downloaded pathfinder_geometry v0.5.1
  Downloaded tempfile v3.27.0
  Downloaded raw-cpuid v11.6.0
  Downloaded deflate64 v0.1.12
  Downloaded pulp-wasm-simd-flag v0.1.1
  Downloaded regalloc2 v0.10.2
  Downloaded saturating v0.1.0
  Downloaded socket2 v0.6.5
  Downloaded proc-macro2 v1.0.107
  Downloaded gl-context-loader v0.1.10
  Downloaded shlex v2.0.1
  Downloaded hybrid-array v0.4.14
  Downloaded critical-section v1.2.0
  Downloaded unicode-ident v1.0.24
  Downloaded equivalent v1.0.2
  Downloaded getrandom v0.4.3
  Downloaded brotli-decompressor v5.0.3
  Downloaded urlencoding v2.1.3
  Downloaded zstd v0.13.3
  Downloaded zstd-safe v7.2.4
  Downloaded zerovec-derive v0.11.6
  Downloaded percent-encoding v2.3.2
  Downloaded either v1.18.0
  Downloaded unicode-joining-type v1.0.0
  Downloaded tracing-attributes v0.1.31
  Downloaded tower-layer v0.3.3
  Downloaded equator v0.4.2
  Downloaded fraction v0.15.4
  Downloaded rustc-hash v2.1.3
  Downloaded crypto-common v0.2.2
  Downloaded glyph-names v0.2.0
  Downloaded foreign-types-shared v0.1.1
  Downloaded postgres v0.19.14
  Downloaded serde_urlencoded v0.7.1
  Downloaded image-webp v0.2.4
  Downloaded xmlparser v0.13.6
  Downloaded foreign-types v0.3.2
  Downloaded icu_locale_core v2.3.0
  Downloaded unicode-normalization v0.1.25
  Downloaded icu_normalizer_data v2.3.0
  Downloaded miniz_oxide v0.8.9
  Downloaded crypto-common v0.1.7
  Downloaded futures-executor v0.3.34
  Downloaded miniz_oxide v0.9.1
  Downloaded xmlwriter v0.1.0
  Downloaded scopeguard v1.2.0
  Downloaded toml_datetime v0.6.11
  Downloaded futures-task v0.3.34
  Downloaded plotters v0.3.7
  Downloaded sha2 v0.10.9
  Downloaded criterion-plot v0.5.0
  Downloaded hmac v0.12.1
  Downloaded endian-type v0.1.2
  Downloaded foldhash v0.2.0
  Downloaded tinystr v0.8.4
  Downloaded tinyvec v1.12.0
  Downloaded slice-group-by v0.3.1
  Downloaded profiling-procmacros v1.0.18
  Downloaded ghash v0.5.1
  Downloaded tokio-postgres v0.7.18
  Downloaded fallible-iterator v0.3.0
  Downloaded rustversion v1.0.23
  Downloaded httparse v1.10.1
  Downloaded tagptr v0.2.0
  Downloaded crc32fast v1.5.1
  Downloaded phf v0.12.1
  Downloaded unicode-segmentation v1.13.3
  Downloaded time-macros v0.2.32
  Downloaded pastey v0.2.3
  Downloaded slotmap v1.1.1
  Downloaded zerotrie v0.2.5
  Downloaded slab v0.4.12
  Downloaded serde_spanned v0.6.9
  Downloaded sha2 v0.11.0
  Downloaded http-body-util v0.1.5
  Downloaded icu_collections v2.3.0
  Downloaded data-encoding v2.11.1
  Downloaded aws-lc-rs v1.18.0
  Downloaded unicode-general-category v1.1.0
  Downloaded unicase v2.9.0
  Downloaded postgres-openssl v0.5.3
  Downloaded tokio-native-tls v0.3.1
  Downloaded jsonwebtoken v10.4.0
  Downloaded postgres-protocol v0.6.12
  Downloaded enumflags2 v0.7.12
  Downloaded tokio-rustls v0.26.4
  Downloaded fastrand v2.5.0
  Downloaded defmt-macros v1.1.1
  Downloaded cranelift-isle v0.113.1
  Downloaded zopfli v0.8.3
  Downloaded csv-core v0.1.13
  Downloaded toml_parser v1.1.3+spec-1.1.0
  Downloaded pathfinder_simd v0.5.6
  Downloaded indexmap v2.14.1
  Downloaded tendril v0.5.1
  Downloaded mio v1.2.2
  Downloaded num-bigint v0.4.8
  Downloaded memchr v2.8.3
  Downloaded rand v0.10.2
  Downloaded rustls-pki-types v1.15.1
  Downloaded ppmd-rust v1.4.0
  Downloaded crossbeam-epoch v0.9.20
  Downloaded ryu v1.0.23
  Downloaded defmt v1.1.1
  Downloaded png v0.18.1
  Downloaded unicode-bidi v0.3.18
  Downloaded cranelift-codegen-meta v0.113.1
  Downloaded getrandom v0.3.4
  Downloaded jsonschema v0.18.3
  Downloaded rayon v1.12.0
  Downloaded crossbeam-channel v0.5.16
  Downloaded hashbrown v0.17.1
  Downloaded vcpkg v0.2.15
  Downloaded html5ever v0.39.0
  Downloaded h2 v0.4.19
  Downloaded criterion v0.5.1
  Downloaded rustls-webpki v0.103.15
  Downloaded typenum v1.20.1
  Downloaded rust-fontconfig v5.0.0
  Downloaded rustyline v14.0.0
  Downloaded security-framework v3.7.0
  Downloaded http v1.5.0
  Downloaded hickory-net v0.26.1
  Downloaded zlib-rs v0.6.7
  Downloaded futures-util v0.3.34
  Downloaded tower-http v0.6.11
  Downloaded rusqlite v0.31.0
  Downloaded zerovec v0.11.8
  Downloaded zip v7.2.0
  Downloaded libm v0.2.16
  Downloaded moxcms v0.8.1
  Downloaded winnow v0.7.15
  Downloaded serde_json v1.0.151
  Downloaded objc2-core-foundation v0.3.2
  Downloaded itertools v0.14.0
  Downloaded taffy v0.10.1
  Downloaded mysql_common v0.37.3
  Downloaded radix_trie v0.2.1
  Downloaded exr v1.74.2
  Downloaded syn v2.0.119
  Downloaded portable-atomic v1.15.0
  Downloaded gimli v0.31.1
  Downloaded unicode-width v0.1.14
  Downloaded moka v0.12.16
  Downloaded lopdf v0.44.0
  Downloaded time v0.3.55
  Downloaded hickory-proto v0.26.1
  Downloaded zerocopy v0.8.56
  Downloaded av-scenechange v0.14.1
  Downloaded regex-syntax v0.8.11
  Downloaded nix v0.28.0
  Downloaded rustls v0.23.45
  Downloaded allsorts-azul v0.17.2
  Downloaded openssl v0.10.81
  Downloaded image v0.25.10
  Downloaded rustix v1.1.4
  Downloaded lzma-rust2 v0.15.8
  Downloaded syn v3.0.4
  Downloaded quick-xml v0.42.0
  Downloaded icu_properties_data v2.3.0
  Downloaded tracing v0.1.44
  Downloaded icu_normalizer v2.3.0
  Downloaded nom v8.0.0
  Downloaded mysql_async v0.37.1
  Downloaded jiff-core v0.1.1
  Downloaded idna v1.1.0
  Downloaded rand v0.8.8
  Downloaded hickory-resolver v0.26.1
  Downloaded tower v0.5.3
  Downloaded winnow v1.0.4
  Downloaded jiff v0.2.37
  Downloaded typed-path v0.12.3
  Downloaded prefix-trie v0.8.4
  Downloaded qoi v0.4.1
  Downloaded yansi v1.0.1
  Downloaded openssl-sys v0.9.117
  Downloaded regex-automata v0.4.18
  Downloaded zune-jpeg v0.5.15
  Downloaded zstd-sys v2.0.16+zstd.1.5.7
  Downloaded libc v0.2.189
  Downloaded fancy-regex v0.13.0
  Downloaded reqwest v0.12.28
  Downloaded libz-sys v1.1.29
  Downloaded chrono-tz v0.10.4
  Downloaded azul-css v0.0.16
  Downloaded csv v1.4.0
  Downloaded itertools v0.10.5
  Downloaded tokio v1.53.1
  Downloaded icu_properties v2.3.0
  Downloaded tiff v0.11.3
  Downloaded url v2.5.8
  Downloaded flate2 v1.1.10
  Downloaded hyper v1.11.1
  Downloaded zerocopy-derive v0.8.56
  Downloaded serde_core v1.0.229
  Downloaded hashbrown v0.14.5
  Downloaded serde v1.0.229
  Downloaded crossbeam-deque v0.8.7
  Downloaded serde_derive v1.0.229
  Downloaded chrono v0.4.45
  Downloaded regex v1.13.1
  Downloaded getrandom v0.2.17
  Downloaded tracing-core v0.1.36
  Downloaded encoding_rs v0.8.35
  Downloaded pxfm v0.1.30
  Downloaded azul-core v0.0.16
  Downloaded cranelift-codegen v0.113.1
  Downloaded libsqlite3-sys v0.28.0
  Downloaded fst v0.4.7
  Downloaded ring v0.17.14
  Downloaded hyphenation v0.8.4
  Downloaded azul-layout v0.0.16
  Downloaded openssl-src v300.6.1+3.6.3
  Downloaded printpdf v0.12.8
  Downloaded aws-lc-sys v0.44.0
   Compiling proc-macro2 v1.0.107
   Compiling quote v1.0.47
   Compiling unicode-ident v1.0.24
   Compiling libc v0.2.189
   Compiling cfg-if v1.0.4
   Compiling serde_core v1.0.229
   Compiling serde v1.0.229
   Compiling version_check v0.9.5
   Compiling find-msvc-tools v0.1.11
   Compiling shlex v2.0.1
   Compiling bitflags v2.13.1
   Compiling typenum v1.20.1
   Compiling pkg-config v0.3.34
   Compiling autocfg v1.5.1
   Compiling memchr v2.8.3
   Compiling equivalent v1.0.2
   Compiling portable-atomic v1.15.0
   Compiling vcpkg v0.2.15
   Compiling num-traits v0.2.19
   Compiling log v0.4.34
   Compiling critical-section v1.2.0
   Compiling generic-array v0.14.7
   Compiling zerocopy v0.8.56
   Compiling rand_core v0.10.1
   Compiling getrandom v0.4.3
   Compiling pin-project-lite v0.2.17
   Compiling bytes v1.12.1
   Compiling foldhash v0.2.0
   Compiling allocator-api2 v0.2.21
   Compiling core-foundation-sys v0.8.7
   Compiling futures-core v0.3.34
   Compiling once_cell v1.21.4
   Compiling itoa v1.0.18
   Compiling stable_deref_trait v1.2.1
   Compiling hybrid-array v0.4.14
   Compiling jobserver v0.1.35
   Compiling simd-adler32 v0.3.10
   Compiling syn v3.0.4
   Compiling syn v2.0.119
   Compiling hashbrown v0.17.1
   Compiling futures-sink v0.3.34
   Compiling getrandom v0.3.4
   Compiling cc v1.4.4
   Compiling tinyvec_macros v0.1.1
   Compiling siphasher v1.0.3
   Compiling tinyvec v1.12.0
   Compiling crc32fast v1.5.1
   Compiling getrandom v0.2.17
   Compiling socket2 v0.6.5
   Compiling rand_core v0.6.4
   Compiling mio v1.2.2
   Compiling slab v0.4.12
   Compiling adler2 v2.0.1
   Compiling crossbeam-utils v0.8.22
   Compiling crypto-common v0.2.2
   Compiling crypto-common v0.1.7
   Compiling futures-channel v0.3.34
   Compiling cpufeatures v0.3.1
   Compiling indexmap v2.14.1
   Compiling subtle v2.6.1
   Compiling base64 v0.22.1
   Compiling percent-encoding v2.3.2
   Compiling futures-io v0.3.34
   Compiling parking_lot_core v0.9.12
   Compiling futures-task v0.3.34
   Compiling litemap v0.8.3
   Compiling writeable v0.6.4
   Compiling miniz_oxide v0.9.1
   Compiling phf_shared v0.13.1
   Compiling ahash v0.8.12
   Compiling zlib-rs v0.6.7
   Compiling utf8_iter v1.0.4
   Compiling icu_properties_data v2.3.0
   Compiling icu_normalizer_data v2.3.0
   Compiling rustix v1.1.4
   Compiling scopeguard v1.2.0
   Compiling lock_api v0.4.14
   Compiling chacha20 v0.10.2
   Compiling errno v0.3.14
   Compiling rustc-hash v2.1.3
   Compiling cmov v0.5.4
   Compiling crossbeam-epoch v0.9.20
   Compiling rand v0.10.2
   Compiling ctutils v0.4.2
   Compiling block-buffer v0.12.1
   Compiling libz-sys v1.1.29
   Compiling const-oid v0.10.2
   Compiling thiserror v2.0.20
   Compiling zmij v1.0.23
   Compiling either v1.18.0
   Compiling byteorder v1.5.0
   Compiling digest v0.11.3
   Compiling block-buffer v0.10.4
   Compiling cranelift-isle v0.113.1
   Compiling semver v1.0.28
   Compiling cpufeatures v0.2.17
   Compiling serde_json v1.0.151
   Compiling digest v0.10.7
   Compiling openssl-src v300.6.1+3.6.3
   Compiling form_urlencoded v1.2.2
   Compiling unicode-normalization v0.1.25
   Compiling rustc_version v0.4.1
   Compiling tracing-core v0.1.36
   Compiling proc-macro2-diagnostics v0.10.1
   Compiling cranelift-codegen-shared v0.113.1
   Compiling fst v0.4.7
   Compiling unicode-bidi v0.3.18
   Compiling libm v0.2.16
   Compiling num-conv v0.2.2
   Compiling strsim v0.11.1
   Compiling bytemuck v1.25.2
   Compiling time-core v0.1.9
   Compiling crossbeam-deque v0.8.7
   Compiling pathfinder_simd v0.5.6
   Compiling tracing v0.1.44
   Compiling time-macros v0.2.32
   Compiling openssl-sys v0.9.117
   Compiling cranelift-codegen-meta v0.113.1
   Compiling num-integer v0.1.47
   Compiling http v1.5.0
   Compiling iana-time-zone v0.1.65
   Compiling powerfmt v0.2.0
   Compiling unicode-properties v0.1.4
   Compiling fastrand v2.5.0
   Compiling deranged v0.5.8
   Compiling bumpalo v3.20.3
   Compiling target-lexicon v0.12.16
   Compiling synstructure v0.13.2
   Compiling cranelift-bitset v0.113.1
   Compiling rayon-core v1.13.0
   Compiling yansi v1.0.1
   Compiling cranelift-entity v0.113.1
   Compiling phf_generator v0.13.1
   Compiling stringprep v0.1.5
   Compiling chrono v0.4.45
   Compiling num-complex v0.4.6
   Compiling time v0.3.55
   Compiling flate2 v1.1.10
   Compiling md-5 v0.11.0
   Compiling sha2 v0.11.0
   Compiling serde_derive v1.0.229
   Compiling tokio-macros v2.7.2
   Compiling zerovec-derive v0.11.6
   Compiling displaydoc v0.2.7
   Compiling zerocopy-derive v0.8.56
   Compiling zerofrom-derive v0.1.7
   Compiling yoke-derive v0.8.2
   Compiling tokio v1.53.1
   Compiling futures-macro v0.3.34
   Compiling zeroize_derive v1.5.0
   Compiling thiserror-impl v2.0.20
   Compiling cranelift-codegen v0.113.1
   Compiling block-padding v0.4.2
   Compiling uuid v1.26.0
   Compiling zerofrom v0.1.8
   Compiling inout v0.1.4
   Compiling zeroize v1.9.0
   Compiling futures-util v0.3.34
   Compiling security-framework-sys v2.17.0
   Compiling yoke v0.8.3
   Compiling core-foundation v0.10.1
   Compiling aho-corasick v1.1.5
   Compiling zerovec v0.11.8
   Compiling zerotrie v0.2.5
   Compiling encoding_rs v0.8.35
   Compiling unicode-joining-type v1.0.0
   Compiling regex-syntax v0.8.11
   Compiling fnv v1.0.7
   Compiling tinystr v0.8.4
   Compiling potential_utf v0.1.6
   Compiling slice-group-by v0.3.1
   Compiling icu_collections v2.3.0
   Compiling icu_locale_core v2.3.0
   Compiling alloc-no-stdlib v2.0.4
   Compiling unicode-general-category v1.1.0
   Compiling heck v0.4.1
   Compiling arbitrary v1.4.2
   Compiling system-configuration-sys v0.6.0
   Compiling unicode-canonical-combining-class v1.0.0
   Compiling icu_provider v2.3.1
   Compiling smallvec v1.15.2
   Compiling ipnet v2.12.1
   Compiling regex-automata v0.4.18
   Compiling icu_normalizer v2.3.0
   Compiling icu_properties v2.3.0
   Compiling parking_lot v0.12.5
   Compiling cranelift-control v0.113.1
   Compiling ouroboros_macro v0.18.5
   Compiling alloc-stdlib v0.2.4
   Compiling security-framework v3.7.0
   Compiling cipher v0.4.4
   Compiling inout v0.2.2
   Compiling enumflags2_derive v0.7.12
   Compiling cranelift-bforest v0.113.1
   Compiling tokio-util v0.7.19
   Compiling idna_adapter v1.2.2
   Compiling idna v1.1.0
   Compiling http-body v1.1.0
   Compiling num-bigint v0.4.8
   Compiling zstd-sys v2.0.16+zstd.1.5.7
   Compiling gimli v0.31.1
   Compiling phf v0.13.1
   Compiling cmake v0.1.58
   Compiling url v2.5.8
   Compiling ident_case v1.0.1
   Compiling heck v0.5.0
   Compiling half v2.7.1
   Compiling aliasable v0.1.3
   Compiling anyhow v1.0.104
   Compiling fs_extra v1.3.0
   Compiling httparse v1.10.1
   Compiling hashbrown v0.14.5
   Compiling io-lifetimes v3.0.1
   Compiling io-lifetimes v2.0.4
   Compiling winnow v1.0.4
   Compiling dunce v1.0.5
   Compiling utf8parse v0.2.2
   Compiling static_assertions v1.1.0
   Compiling aws-lc-sys v0.44.0
   Compiling ouroboros v0.18.5
   Compiling proc-macro-utils v0.10.0
   Compiling darling_core v0.23.0
   Compiling regalloc2 v0.10.2
   Compiling pathfinder_geometry v0.5.1
   Compiling enumflags2 v0.7.12
   Compiling cipher v0.5.2
   Compiling toml_parser v1.1.3+spec-1.1.0
   Compiling brotli-decompressor v5.0.3
   Compiling hyphenation_commons v0.8.4
   Compiling bincode v1.3.3
   Compiling async-trait v0.1.92
   Compiling string_cache_codegen v0.6.1
   Compiling phf_codegen v0.13.1
   Compiling hmac v0.13.0
   Compiling ring v0.17.14
   Compiling core-foundation v0.9.4
   Compiling slotmap v1.1.1
   Compiling pulp v0.22.3 (/Users/robertdevore/2026/Kujolang/kujo-repos/kujo/vendor/pulp-0.22.3)
   Compiling objc2-core-foundation v0.3.2
   Compiling foreign-types-shared v0.1.1
   Compiling ucd-trie v0.1.7
   Compiling pocket-resources v0.3.2
   Compiling glyph-names v0.2.0
   Compiling try-lock v0.2.5
   Compiling native-tls v0.2.18
   Compiling atomic-waker v1.1.2
   Compiling new_debug_unreachable v1.0.6
   Compiling io-extras v0.19.0
   Compiling toml_datetime v1.1.1+spec-1.1.0
   Compiling fallible-iterator v0.2.0
   Compiling tower-service v0.3.3
   Compiling openssl v0.10.81
   Compiling toml_edit v0.25.13+spec-1.1.0
   Compiling darling_macro v0.23.0
   Compiling tempfile v3.27.0
   Compiling allsorts-azul v0.17.2
   Compiling h2 v0.4.19
   Compiling objc2-system-configuration v0.3.2
   Compiling want v0.3.1
   Compiling hyphenation v0.8.4
   Compiling postgres-protocol v0.6.12
   Compiling system-configuration v0.7.0
   Compiling foreign-types v0.3.2
   Compiling web_atoms v0.2.6
   Compiling manyhow-macros v0.11.4
   Compiling regex v1.13.1
   Compiling anstyle-parse v1.0.0
   Compiling rayon v1.12.0
   Compiling rustls-pki-types v1.15.1
   Compiling openssl-macros v0.1.1
   Compiling sha2 v0.10.9
   Compiling miniz_oxide v0.8.9
   Compiling mmapio v0.9.1
   Compiling nom v8.0.0
   Compiling raw-cpuid v11.6.0
   Compiling azul-simplecss v0.2.1
   Compiling pulp-wasm-simd-flag v0.1.1
   Compiling pastey v0.2.3
   Compiling colorchoice v1.0.5
   Compiling anstyle v1.0.14
   Compiling untrusted v0.9.0
   Compiling cap-primitives v4.0.2
   Compiling zune-core v0.5.3
   Compiling ryu v1.0.23
   Compiling anstyle-query v1.1.5
   Compiling is_terminal_polyfill v1.70.2
   Compiling weezl v0.1.12
   Compiling rustversion v1.0.23
   Compiling quick-error v2.0.1
   Compiling cfg_aliases v0.1.1
   Compiling zstd-safe v7.2.4
   Compiling xmlparser v0.13.6
   Compiling reborrow v0.5.5
   Compiling precomputed-hash v0.1.1
   Compiling string_cache v0.9.0
   Compiling hyper v1.11.1
   Compiling nix v0.28.0
   Compiling anstream v1.0.0
   Compiling zune-jpeg v0.5.15
   Compiling azul-css v0.0.16
   Compiling fs-set-times v0.20.3
   Compiling manyhow v0.11.4
   Compiling proc-macro-crate v3.5.0
   Compiling postgres-types v0.2.14
   Compiling whoami v2.1.3
   Compiling darling v0.23.0
   Compiling prefix-trie v0.8.4
   Compiling sha1 v0.10.7
   Compiling libsqlite3-sys v0.28.0
   Compiling universal-hash v0.5.1
   Compiling lru v0.18.3
   Compiling fdeflate v0.3.7
   Compiling zune-inflate v0.2.54
   Compiling sync_wrapper v1.0.2
   Compiling color_quant v1.1.0
   Compiling termcolor v1.4.1
   Compiling cpubits v0.1.1
   Compiling data-encoding v2.11.1
   Compiling opaque-debug v0.3.1
   Compiling gl-context-loader v0.1.10
   Compiling lebe v0.5.3
   Compiling mysql_common v0.37.3
   Compiling byteorder-lite v0.1.0
   Compiling cap-std v4.0.2
   Compiling linked-hash-map v0.5.6
   Compiling jiff-core v0.1.1
   Compiling arrayvec v0.7.8
   Compiling aws-lc-rs v1.18.0
   Compiling pxfm v0.1.30
   Compiling grid v1.0.1
   Compiling fax v0.2.7
   Compiling tokio-openssl v0.6.5
   Compiling bit_field v0.10.3
   Compiling tower-layer v0.3.3
   Compiling clap_lex v1.1.0
   Compiling unicase v2.9.0
   Compiling lazy_static v1.5.0
   Compiling maybe-owned v0.3.4
   Compiling ambient-authority v0.0.2
   Compiling unicode-segmentation v1.13.3
   Compiling mime_guess v2.0.5
   Compiling clap_builder v4.6.6
   Compiling jiff v0.2.37
   Compiling tower v0.5.3
   Compiling tiff v0.11.3
   Compiling taffy v0.10.1
   Compiling image-webp v0.2.4
   Compiling exr v1.74.2
   Compiling moxcms v0.8.1
   Compiling hickory-proto v0.26.1
   Compiling lru-cache v0.1.2
   Compiling mysql-common-derive v0.32.2
   Compiling polyval v0.6.2
   Compiling png v0.18.1
   Compiling aes v0.9.3
   Compiling gif v0.14.2
   Compiling tokio-postgres v0.7.18
   Compiling tokio-native-tls v0.3.1
   Compiling hyper-util v0.1.20
   Compiling tendril v0.5.1
   Compiling cbc v0.2.1
   Compiling ecb v0.2.1
   Compiling clap_derive v4.6.4
   Compiling ppv-lite86 v0.2.21
   Compiling http-body-util v0.1.5
   Compiling aes v0.8.4
   Compiling nibble_vec v0.1.0
   Compiling rust-fontconfig v5.0.0
   Compiling toml_datetime v0.6.11
   Compiling serde_spanned v0.6.9
   Compiling qoi v0.4.1
   Compiling hmac v0.12.1
   Compiling crossbeam-channel v0.5.16
   Compiling phf_shared v0.12.1
   Compiling mach2 v0.4.3
   Compiling btoi v0.5.0
   Compiling roxmltree v0.21.1
   Compiling keyring-core v1.0.0
   Compiling xmlwriter v0.1.0
   Compiling saturating v0.1.0
   Compiling weezl v0.2.1
   Compiling toml_write v0.1.2
   Compiling untrusted v0.7.1
   Compiling rangemap v1.8.0
   Compiling same-file v1.0.6
   Compiling tagptr v0.2.0
   Compiling bitflags v1.3.2
   Compiling endian-type v0.1.2
   Compiling regex-lite v0.1.9
   Compiling mime v0.3.17
   Compiling libbz2-rs-sys v0.2.5
   Compiling winnow v0.7.15
   Compiling chrono-tz v0.10.4
   Compiling cap-fs-ext v4.0.2
   Compiling lopdf v0.44.0
   Compiling radix_trie v0.2.1
   Compiling moka v0.12.16
   Compiling bzip2 v0.6.1
   Compiling region v3.0.2
   Compiling clap v4.6.6
   Compiling apple-native-keyring-store v1.0.2
   Compiling phf v0.12.1
   Compiling pbkdf2 v0.12.2
   Compiling image v0.25.10
   Compiling hyper-tls v0.6.0
   Compiling rand_chacha v0.3.1
   Compiling markup5ever v0.39.0
   Compiling arc-swap v1.9.2
   Compiling zstd v0.13.3
   Compiling toml_edit v0.22.27
   Compiling hickory-net v0.26.1
   Compiling azul-core v0.0.16
   Compiling cranelift-frontend v0.113.1
   Compiling cranelift-native v0.113.1
   Compiling cranelift-module v0.113.1
   Compiling ghash v0.5.1
   Compiling tower-http v0.6.11
   Compiling serde_urlencoded v0.7.1
   Compiling lzma-rust2 v0.15.8
   Compiling wasmtime-jit-icache-coherence v26.0.1
   Compiling hashlink v0.9.1
   Compiling num-rational v0.4.2
   Compiling ctr v0.9.2
   Compiling blowfish v0.9.1
   Compiling futures-executor v0.3.34
   Compiling cfb v0.7.3
   Compiling zopfli v0.8.3
   Compiling fd-lock v4.0.4
   Compiling num-iter v0.1.46
   Compiling keyed_priority_queue v0.4.2
   Compiling crossbeam-queue v0.3.13
   Compiling aead v0.5.2
   Compiling filetime v0.2.29
   Compiling rtoolbox v0.0.6
   Compiling csv-core v0.1.13
   Compiling chunked_transfer v1.5.0
   Compiling twox-hash v2.1.4
   Compiling home v0.5.12
   Compiling ciborium-io v0.2.2
   Compiling resolv-conf v0.7.6
   Compiling fallible-streaming-iterator v0.1.9
   Compiling ppmd-rust v1.4.0
   Compiling deflate64 v0.1.12
   Compiling unicode-width v0.1.14
   Compiling unsafe-libyaml v0.2.11
   Compiling plotters-backend v0.3.7
   Compiling typed-path v0.12.3
   Compiling fallible-iterator v0.3.0
   Compiling ascii v1.1.0
   Compiling constant_time_eq v0.3.1
   Compiling signature v2.2.0
   Compiling bit-vec v0.6.3
   Compiling httpdate v1.0.3
   Compiling plotters-svg v0.3.7
   Compiling rusqlite v0.31.0
   Compiling bit-set v0.5.3
   Compiling rustyline v14.0.0
   Compiling hickory-resolver v0.26.1
   Compiling ciborium-ll v0.2.2
   Compiling mysql_async v0.37.1
   Compiling serde_yaml v0.9.34+deprecated
   Compiling csv v1.4.0
   Compiling zip v7.2.0
   Compiling tar v0.4.46
   Compiling rpassword v7.5.4
   Compiling aes-gcm v0.10.3
   Compiling infer v0.16.0
   Compiling num v0.4.3
   Compiling futures v0.3.34
   Compiling bcrypt v0.15.1
   Compiling cranelift-jit v0.113.1
   Compiling reqwest v0.12.28
   Compiling toml v0.8.23
   Compiling cranelift v0.113.1
   Compiling rand v0.8.8
   Compiling html5ever v0.39.0
   Compiling keyring v4.1.6
   Compiling postgres v0.19.14
   Compiling colored v2.2.0
   Compiling tokio-stream v0.1.19
   Compiling md-5 v0.10.6
   Compiling itertools v0.10.5
   Compiling fs2 v0.4.3
   Compiling quick-xml v0.42.0
   Compiling cast v0.3.0
   Compiling urlencoding v2.1.3
   Compiling base64 v0.21.7
   Compiling nohash-hasher v0.2.0
   Compiling fraction v0.15.4
   Compiling criterion-plot v0.5.0
   Compiling ciborium v0.2.2
   Compiling fancy-regex v0.13.0
   Compiling plotters v0.3.7
   Compiling walkdir v2.5.0
   Compiling iso8601 v0.6.6
   Compiling tinytemplate v1.2.1
   Compiling is-terminal v0.4.17
   Compiling bytecount v0.6.9
   Compiling num-cmp v0.1.0
   Compiling oorandom v11.1.5
   Compiling anes v0.1.6
   Compiling jsonschema v0.18.3
   Compiling criterion v0.5.1
   Compiling azul-layout v0.0.16
   Compiling jsonwebtoken v10.4.0
   Compiling printpdf v0.12.8
   Compiling tiny_http v0.12.0 (/Users/robertdevore/2026/Kujolang/kujo-repos/kujo/vendor/tiny_http-0.12.0)
warning: unused import: `SequentialWriter`
 --> vendor/tiny_http-0.12.0/src/util/mod.rs:7:28
  |
7 | pub use self::sequential::{SequentialWriter, SequentialWriterBuilder};
  |                            ^^^^^^^^^^^^^^^^
  |
  = note: `#[warn(unused_imports)]` (part of `#[warn(unused)]`) on by default

   Compiling postgres-openssl v0.5.3
warning: trait `MustBeShareDummy` is never used
   --> vendor/tiny_http-0.12.0/src/lib.rs:164:7
    |
164 | trait MustBeShareDummy: Sync + Send {}
    |       ^^^^^^^^^^^^^^^^
    |
    = note: `#[warn(dead_code)]` (part of `#[warn(unused)]`) on by default

warning: `tiny_http` (lib) generated 2 warnings (run `cargo fix --lib -p tiny_http` to apply 1 suggestion)
   Compiling kujolang v1.5.0 (/Users/robertdevore/2026/Kujolang/kujo-repos/kujo)
    Finished `test` profile [unoptimized + debuginfo] target(s) in 10m 11s
     Running tests/readme_contracts.rs (target/debug/deps/readme_contracts-655e6721594406ec)

running 1 test
test readme_covers_v1_status_cli_security_and_core_reference_links ... ok

test result: ok. 1 passed; 0 failed; 0 ignored; 0 measured; 0 filtered out; finished in 0.01s

